// Jest Snapshot v1, https://goo.gl/fbAQLP

exports[`populateYear given a year, returns an array of months, a month being an array of arrays of days that line up with the correct day of the week (where Sunday is the first day of the week) 1`] = `
Array [
  Array [
    Array [
      "x",
      "x",
      1,
      2,
      3,
      4,
      5,
    ],
    Array [
      6,
      7,
      8,
      9,
      10,
      11,
      12,
    ],
    Array [
      13,
      14,
      15,
      16,
      17,
      18,
      19,
    ],
    Array [
      20,
      21,
      22,
      23,
      24,
      25,
      26,
    ],
    Array [
      27,
      28,
      29,
      30,
      31,
    ],
  ],
  Array [
    Array [
      "x",
      "x",
      "x",
      "x",
      "x",
      1,
      2,
    ],
    Array [
      3,
      4,
      5,
      6,
      7,
      8,
      9,
    ],
    Array [
      10,
      11,
      12,
      13,
      14,
      15,
      16,
    ],
    Array [
      17,
      18,
      19,
      20,
      21,
      22,
      23,
    ],
    Array [
      24,
      25,
      26,
      27,
      28,
    ],
  ],
  Array [
    Array [
      "x",
      "x",
      "x",
      "x",
      "x",
      1,
      2,
    ],
    Array [
      3,
      4,
      5,
      6,
      7,
      8,
      9,
    ],
    Array [
      10,
      11,
      12,
      13,
      14,
      15,
      16,
    ],
    Array [
      17,
      18,
      19,
      20,
      21,
      22,
      23,
    ],
    Array [
      24,
      25,
      26,
      27,
      28,
      29,
      30,
    ],
    Array [
      31,
    ],
  ],
  Array [
    Array [
      "x",
      1,
      2,
      3,
      4,
      5,
      6,
    ],
    Array [
      7,
      8,
      9,
      10,
      11,
      12,
      13,
    ],
    Array [
      14,
      15,
      16,
      17,
      18,
      19,
      20,
    ],
    Array [
      21,
      22,
      23,
      24,
      25,
      26,
      27,
    ],
    Array [
      28,
      29,
      30,
    ],
  ],
  Array [
    Array [
      "x",
      "x",
      "x",
      1,
      2,
      3,
      4,
    ],
    Array [
      5,
      6,
      7,
      8,
      9,
      10,
      11,
    ],
    Array [
      12,
      13,
      14,
      15,
      16,
      17,
      18,
    ],
    Array [
      19,
      20,
      21,
      22,
      23,
      24,
      25,
    ],
    Array [
      26,
      27,
      28,
      29,
      30,
      31,
    ],
  ],
  Array [
    Array [
      "x",
      "x",
      "x",
      "x",
      "x",
      "x",
      1,
    ],
    Array [
      2,
      3,
      4,
      5,
      6,
      7,
      8,
    ],
    Array [
      9,
      10,
      11,
      12,
      13,
      14,
      15,
    ],
    Array [
      16,
      17,
      18,
      19,
      20,
      21,
      22,
    ],
    Array [
      23,
      24,
      25,
      26,
      27,
      28,
      29,
    ],
    Array [
      30,
    ],
  ],
  Array [
    Array [
      "x",
      1,
      2,
      3,
      4,
      5,
      6,
    ],
    Array [
      7,
      8,
      9,
      10,
      11,
      12,
      13,
    ],
    Array [
      14,
      15,
      16,
      17,
      18,
      19,
      20,
    ],
    Array [
      21,
      22,
      23,
      24,
      25,
      26,
      27,
    ],
    Array [
      28,
      29,
      30,
      31,
    ],
  ],
  Array [
    Array [
      "x",
      "x",
      "x",
      "x",
      1,
      2,
      3,
    ],
    Array [
      4,
      5,
      6,
      7,
      8,
      9,
      10,
    ],
    Array [
      11,
      12,
      13,
      14,
      15,
      16,
      17,
    ],
    Array [
      18,
      19,
      20,
      21,
      22,
      23,
      24,
    ],
    Array [
      25,
      26,
      27,
      28,
      29,
      30,
      31,
    ],
  ],
  Array [
    Array [
      1,
      2,
      3,
      4,
      5,
      6,
      7,
    ],
    Array [
      8,
      9,
      10,
      11,
      12,
      13,
      14,
    ],
    Array [
      15,
      16,
      17,
      18,
      19,
      20,
      21,
    ],
    Array [
      22,
      23,
      24,
      25,
      26,
      27,
      28,
    ],
    Array [
      29,
      30,
    ],
  ],
  Array [
    Array [
      "x",
      "x",
      1,
      2,
      3,
      4,
      5,
    ],
    Array [
      6,
      7,
      8,
      9,
      10,
      11,
      12,
    ],
    Array [
      13,
      14,
      15,
      16,
      17,
      18,
      19,
    ],
    Array [
      20,
      21,
      22,
      23,
      24,
      25,
      26,
    ],
    Array [
      27,
      28,
      29,
      30,
      31,
    ],
  ],
  Array [
    Array [
      "x",
      "x",
      "x",
      "x",
      "x",
      1,
      2,
    ],
    Array [
      3,
      4,
      5,
      6,
      7,
      8,
      9,
    ],
    Array [
      10,
      11,
      12,
      13,
      14,
      15,
      16,
    ],
    Array [
      17,
      18,
      19,
      20,
      21,
      22,
      23,
    ],
    Array [
      24,
      25,
      26,
      27,
      28,
      29,
      30,
    ],
  ],
  Array [
    Array [
      1,
      2,
      3,
      4,
      5,
      6,
      7,
    ],
    Array [
      8,
      9,
      10,
      11,
      12,
      13,
      14,
    ],
    Array [
      15,
      16,
      17,
      18,
      19,
      20,
      21,
    ],
    Array [
      22,
      23,
      24,
      25,
      26,
      27,
      28,
    ],
    Array [
      29,
      30,
      31,
    ],
  ],
]
`;

exports[`populateYear given a year, returns an array of months, a month being an array of arrays of days that line up with the correct day of the week (where Sunday is the first day of the week) 2`] = `
Array [
  Array [
    Array [
      "x",
      "x",
      "x",
      1,
      2,
      3,
      4,
    ],
    Array [
      5,
      6,
      7,
      8,
      9,
      10,
      11,
    ],
    Array [
      12,
      13,
      14,
      15,
      16,
      17,
      18,
    ],
    Array [
      19,
      20,
      21,
      22,
      23,
      24,
      25,
    ],
    Array [
      26,
      27,
      28,
      29,
      30,
      31,
    ],
  ],
  Array [
    Array [
      "x",
      "x",
      "x",
      "x",
      "x",
      "x",
      1,
    ],
    Array [
      2,
      3,
      4,
      5,
      6,
      7,
      8,
    ],
    Array [
      9,
      10,
      11,
      12,
      13,
      14,
      15,
    ],
    Array [
      16,
      17,
      18,
      19,
      20,
      21,
      22,
    ],
    Array [
      23,
      24,
      25,
      26,
      27,
      28,
      29,
    ],
  ],
  Array [
    Array [
      1,
      2,
      3,
      4,
      5,
      6,
      7,
    ],
    Array [
      8,
      9,
      10,
      11,
      12,
      13,
      14,
    ],
    Array [
      15,
      16,
      17,
      18,
      19,
      20,
      21,
    ],
    Array [
      22,
      23,
      24,
      25,
      26,
      27,
      28,
    ],
    Array [
      29,
      30,
      31,
    ],
  ],
  Array [
    Array [
      "x",
      "x",
      "x",
      1,
      2,
      3,
      4,
    ],
    Array [
      5,
      6,
      7,
      8,
      9,
      10,
      11,
    ],
    Array [
      12,
      13,
      14,
      15,
      16,
      17,
      18,
    ],
    Array [
      19,
      20,
      21,
      22,
      23,
      24,
      25,
    ],
    Array [
      26,
      27,
      28,
      29,
      30,
    ],
  ],
  Array [
    Array [
      "x",
      "x",
      "x",
      "x",
      "x",
      1,
      2,
    ],
    Array [
      3,
      4,
      5,
      6,
      7,
      8,
      9,
    ],
    Array [
      10,
      11,
      12,
      13,
      14,
      15,
      16,
    ],
    Array [
      17,
      18,
      19,
      20,
      21,
      22,
      23,
    ],
    Array [
      24,
      25,
      26,
      27,
      28,
      29,
      30,
    ],
    Array [
      31,
    ],
  ],
  Array [
    Array [
      "x",
      1,
      2,
      3,
      4,
      5,
      6,
    ],
    Array [
      7,
      8,
      9,
      10,
      11,
      12,
      13,
    ],
    Array [
      14,
      15,
      16,
      17,
      18,
      19,
      20,
    ],
    Array [
      21,
      22,
      23,
      24,
      25,
      26,
      27,
    ],
    Array [
      28,
      29,
      30,
    ],
  ],
  Array [
    Array [
      "x",
      "x",
      "x",
      1,
      2,
      3,
      4,
    ],
    Array [
      5,
      6,
      7,
      8,
      9,
      10,
      11,
    ],
    Array [
      12,
      13,
      14,
      15,
      16,
      17,
      18,
    ],
    Array [
      19,
      20,
      21,
      22,
      23,
      24,
      25,
    ],
    Array [
      26,
      27,
      28,
      29,
      30,
      31,
    ],
  ],
  Array [
    Array [
      "x",
      "x",
      "x",
      "x",
      "x",
      "x",
      1,
    ],
    Array [
      2,
      3,
      4,
      5,
      6,
      7,
      8,
    ],
    Array [
      9,
      10,
      11,
      12,
      13,
      14,
      15,
    ],
    Array [
      16,
      17,
      18,
      19,
      20,
      21,
      22,
    ],
    Array [
      23,
      24,
      25,
      26,
      27,
      28,
      29,
    ],
    Array [
      30,
      31,
    ],
  ],
  Array [
    Array [
      "x",
      "x",
      1,
      2,
      3,
      4,
      5,
    ],
    Array [
      6,
      7,
      8,
      9,
      10,
      11,
      12,
    ],
    Array [
      13,
      14,
      15,
      16,
      17,
      18,
      19,
    ],
    Array [
      20,
      21,
      22,
      23,
      24,
      25,
      26,
    ],
    Array [
      27,
      28,
      29,
      30,
    ],
  ],
  Array [
    Array [
      "x",
      "x",
      "x",
      "x",
      1,
      2,
      3,
    ],
    Array [
      4,
      5,
      6,
      7,
      8,
      9,
      10,
    ],
    Array [
      11,
      12,
      13,
      14,
      15,
      16,
      17,
    ],
    Array [
      18,
      19,
      20,
      21,
      22,
      23,
      24,
    ],
    Array [
      25,
      26,
      27,
      28,
      29,
      30,
      31,
    ],
  ],
  Array [
    Array [
      1,
      2,
      3,
      4,
      5,
      6,
      7,
    ],
    Array [
      8,
      9,
      10,
      11,
      12,
      13,
      14,
    ],
    Array [
      15,
      16,
      17,
      18,
      19,
      20,
      21,
    ],
    Array [
      22,
      23,
      24,
      25,
      26,
      27,
      28,
    ],
    Array [
      29,
      30,
    ],
  ],
  Array [
    Array [
      "x",
      "x",
      1,
      2,
      3,
      4,
      5,
    ],
    Array [
      6,
      7,
      8,
      9,
      10,
      11,
      12,
    ],
    Array [
      13,
      14,
      15,
      16,
      17,
      18,
      19,
    ],
    Array [
      20,
      21,
      22,
      23,
      24,
      25,
      26,
    ],
    Array [
      27,
      28,
      29,
      30,
      31,
    ],
  ],
]
`;

exports[`populateYear given a year, returns an array of months, a month being an array of arrays of days that line up with the correct day of the week (where Sunday is the first day of the week) 3`] = `
Array [
  Array [
    Array [
      "x",
      "x",
      "x",
      "x",
      "x",
      1,
      2,
    ],
    Array [
      3,
      4,
      5,
      6,
      7,
      8,
      9,
    ],
    Array [
      10,
      11,
      12,
      13,
      14,
      15,
      16,
    ],
    Array [
      17,
      18,
      19,
      20,
      21,
      22,
      23,
    ],
    Array [
      24,
      25,
      26,
      27,
      28,
      29,
      30,
    ],
    Array [
      31,
    ],
  ],
  Array [
    Array [
      "x",
      1,
      2,
      3,
      4,
      5,
      6,
    ],
    Array [
      7,
      8,
      9,
      10,
      11,
      12,
      13,
    ],
    Array [
      14,
      15,
      16,
      17,
      18,
      19,
      20,
    ],
    Array [
      21,
      22,
      23,
      24,
      25,
      26,
      27,
    ],
    Array [
      28,
    ],
  ],
  Array [
    Array [
      "x",
      1,
      2,
      3,
      4,
      5,
      6,
    ],
    Array [
      7,
      8,
      9,
      10,
      11,
      12,
      13,
    ],
    Array [
      14,
      15,
      16,
      17,
      18,
      19,
      20,
    ],
    Array [
      21,
      22,
      23,
      24,
      25,
      26,
      27,
    ],
    Array [
      28,
      29,
      30,
      31,
    ],
  ],
  Array [
    Array [
      "x",
      "x",
      "x",
      "x",
      1,
      2,
      3,
    ],
    Array [
      4,
      5,
      6,
      7,
      8,
      9,
      10,
    ],
    Array [
      11,
      12,
      13,
      14,
      15,
      16,
      17,
    ],
    Array [
      18,
      19,
      20,
      21,
      22,
      23,
      24,
    ],
    Array [
      25,
      26,
      27,
      28,
      29,
      30,
    ],
  ],
  Array [
    Array [
      "x",
      "x",
      "x",
      "x",
      "x",
      "x",
      1,
    ],
    Array [
      2,
      3,
      4,
      5,
      6,
      7,
      8,
    ],
    Array [
      9,
      10,
      11,
      12,
      13,
      14,
      15,
    ],
    Array [
      16,
      17,
      18,
      19,
      20,
      21,
      22,
    ],
    Array [
      23,
      24,
      25,
      26,
      27,
      28,
      29,
    ],
    Array [
      30,
      31,
    ],
  ],
  Array [
    Array [
      "x",
      "x",
      1,
      2,
      3,
      4,
      5,
    ],
    Array [
      6,
      7,
      8,
      9,
      10,
      11,
      12,
    ],
    Array [
      13,
      14,
      15,
      16,
      17,
      18,
      19,
    ],
    Array [
      20,
      21,
      22,
      23,
      24,
      25,
      26,
    ],
    Array [
      27,
      28,
      29,
      30,
    ],
  ],
  Array [
    Array [
      "x",
      "x",
      "x",
      "x",
      1,
      2,
      3,
    ],
    Array [
      4,
      5,
      6,
      7,
      8,
      9,
      10,
    ],
    Array [
      11,
      12,
      13,
      14,
      15,
      16,
      17,
    ],
    Array [
      18,
      19,
      20,
      21,
      22,
      23,
      24,
    ],
    Array [
      25,
      26,
      27,
      28,
      29,
      30,
      31,
    ],
  ],
  Array [
    Array [
      1,
      2,
      3,
      4,
      5,
      6,
      7,
    ],
    Array [
      8,
      9,
      10,
      11,
      12,
      13,
      14,
    ],
    Array [
      15,
      16,
      17,
      18,
      19,
      20,
      21,
    ],
    Array [
      22,
      23,
      24,
      25,
      26,
      27,
      28,
    ],
    Array [
      29,
      30,
      31,
    ],
  ],
  Array [
    Array [
      "x",
      "x",
      "x",
      1,
      2,
      3,
      4,
    ],
    Array [
      5,
      6,
      7,
      8,
      9,
      10,
      11,
    ],
    Array [
      12,
      13,
      14,
      15,
      16,
      17,
      18,
    ],
    Array [
      19,
      20,
      21,
      22,
      23,
      24,
      25,
    ],
    Array [
      26,
      27,
      28,
      29,
      30,
    ],
  ],
  Array [
    Array [
      "x",
      "x",
      "x",
      "x",
      "x",
      1,
      2,
    ],
    Array [
      3,
      4,
      5,
      6,
      7,
      8,
      9,
    ],
    Array [
      10,
      11,
      12,
      13,
      14,
      15,
      16,
    ],
    Array [
      17,
      18,
      19,
      20,
      21,
      22,
      23,
    ],
    Array [
      24,
      25,
      26,
      27,
      28,
      29,
      30,
    ],
    Array [
      31,
    ],
  ],
  Array [
    Array [
      "x",
      1,
      2,
      3,
      4,
      5,
      6,
    ],
    Array [
      7,
      8,
      9,
      10,
      11,
      12,
      13,
    ],
    Array [
      14,
      15,
      16,
      17,
      18,
      19,
      20,
    ],
    Array [
      21,
      22,
      23,
      24,
      25,
      26,
      27,
    ],
    Array [
      28,
      29,
      30,
    ],
  ],
  Array [
    Array [
      "x",
      "x",
      "x",
      1,
      2,
      3,
      4,
    ],
    Array [
      5,
      6,
      7,
      8,
      9,
      10,
      11,
    ],
    Array [
      12,
      13,
      14,
      15,
      16,
      17,
      18,
    ],
    Array [
      19,
      20,
      21,
      22,
      23,
      24,
      25,
    ],
    Array [
      26,
      27,
      28,
      29,
      30,
      31,
    ],
  ],
]
`;

exports[`populateYear given a year, returns an array of months, a month being an array of arrays of days that line up with the correct day of the week (where Sunday is the first day of the week) 4`] = `
Array [
  Array [
    Array [
      "x",
      1,
      2,
      3,
      4,
      5,
      6,
    ],
    Array [
      7,
      8,
      9,
      10,
      11,
      12,
      13,
    ],
    Array [
      14,
      15,
      16,
      17,
      18,
      19,
      20,
    ],
    Array [
      21,
      22,
      23,
      24,
      25,
      26,
      27,
    ],
    Array [
      28,
      29,
      30,
      31,
    ],
  ],
  Array [
    Array [
      "x",
      "x",
      "x",
      "x",
      1,
      2,
      3,
    ],
    Array [
      4,
      5,
      6,
      7,
      8,
      9,
      10,
    ],
    Array [
      11,
      12,
      13,
      14,
      15,
      16,
      17,
    ],
    Array [
      18,
      19,
      20,
      21,
      22,
      23,
      24,
    ],
    Array [
      25,
      26,
      27,
      28,
      29,
    ],
  ],
  Array [
    Array [
      "x",
      "x",
      "x",
      "x",
      "x",
      1,
      2,
    ],
    Array [
      3,
      4,
      5,
      6,
      7,
      8,
      9,
    ],
    Array [
      10,
      11,
      12,
      13,
      14,
      15,
      16,
    ],
    Array [
      17,
      18,
      19,
      20,
      21,
      22,
      23,
    ],
    Array [
      24,
      25,
      26,
      27,
      28,
      29,
      30,
    ],
    Array [
      31,
    ],
  ],
  Array [
    Array [
      "x",
      1,
      2,
      3,
      4,
      5,
      6,
    ],
    Array [
      7,
      8,
      9,
      10,
      11,
      12,
      13,
    ],
    Array [
      14,
      15,
      16,
      17,
      18,
      19,
      20,
    ],
    Array [
      21,
      22,
      23,
      24,
      25,
      26,
      27,
    ],
    Array [
      28,
      29,
      30,
    ],
  ],
  Array [
    Array [
      "x",
      "x",
      "x",
      1,
      2,
      3,
      4,
    ],
    Array [
      5,
      6,
      7,
      8,
      9,
      10,
      11,
    ],
    Array [
      12,
      13,
      14,
      15,
      16,
      17,
      18,
    ],
    Array [
      19,
      20,
      21,
      22,
      23,
      24,
      25,
    ],
    Array [
      26,
      27,
      28,
      29,
      30,
      31,
    ],
  ],
  Array [
    Array [
      "x",
      "x",
      "x",
      "x",
      "x",
      "x",
      1,
    ],
    Array [
      2,
      3,
      4,
      5,
      6,
      7,
      8,
    ],
    Array [
      9,
      10,
      11,
      12,
      13,
      14,
      15,
    ],
    Array [
      16,
      17,
      18,
      19,
      20,
      21,
      22,
    ],
    Array [
      23,
      24,
      25,
      26,
      27,
      28,
      29,
    ],
    Array [
      30,
    ],
  ],
  Array [
    Array [
      "x",
      1,
      2,
      3,
      4,
      5,
      6,
    ],
    Array [
      7,
      8,
      9,
      10,
      11,
      12,
      13,
    ],
    Array [
      14,
      15,
      16,
      17,
      18,
      19,
      20,
    ],
    Array [
      21,
      22,
      23,
      24,
      25,
      26,
      27,
    ],
    Array [
      28,
      29,
      30,
      31,
    ],
  ],
  Array [
    Array [
      "x",
      "x",
      "x",
      "x",
      1,
      2,
      3,
    ],
    Array [
      4,
      5,
      6,
      7,
      8,
      9,
      10,
    ],
    Array [
      11,
      12,
      13,
      14,
      15,
      16,
      17,
    ],
    Array [
      18,
      19,
      20,
      21,
      22,
      23,
      24,
    ],
    Array [
      25,
      26,
      27,
      28,
      29,
      30,
      31,
    ],
  ],
  Array [
    Array [
      1,
      2,
      3,
      4,
      5,
      6,
      7,
    ],
    Array [
      8,
      9,
      10,
      11,
      12,
      13,
      14,
    ],
    Array [
      15,
      16,
      17,
      18,
      19,
      20,
      21,
    ],
    Array [
      22,
      23,
      24,
      25,
      26,
      27,
      28,
    ],
    Array [
      29,
      30,
    ],
  ],
  Array [
    Array [
      "x",
      "x",
      1,
      2,
      3,
      4,
      5,
    ],
    Array [
      6,
      7,
      8,
      9,
      10,
      11,
      12,
    ],
    Array [
      13,
      14,
      15,
      16,
      17,
      18,
      19,
    ],
    Array [
      20,
      21,
      22,
      23,
      24,
      25,
      26,
    ],
    Array [
      27,
      28,
      29,
      30,
      31,
    ],
  ],
  Array [
    Array [
      "x",
      "x",
      "x",
      "x",
      "x",
      1,
      2,
    ],
    Array [
      3,
      4,
      5,
      6,
      7,
      8,
      9,
    ],
    Array [
      10,
      11,
      12,
      13,
      14,
      15,
      16,
    ],
    Array [
      17,
      18,
      19,
      20,
      21,
      22,
      23,
    ],
    Array [
      24,
      25,
      26,
      27,
      28,
      29,
      30,
    ],
  ],
  Array [
    Array [
      1,
      2,
      3,
      4,
      5,
      6,
      7,
    ],
    Array [
      8,
      9,
      10,
      11,
      12,
      13,
      14,
    ],
    Array [
      15,
      16,
      17,
      18,
      19,
      20,
      21,
    ],
    Array [
      22,
      23,
      24,
      25,
      26,
      27,
      28,
    ],
    Array [
      29,
      30,
      31,
    ],
  ],
]
`;
